.\mvnw.cmd : WARNING: A restricted method in java.lang.System has been called
At line:1 char:1
+ .\mvnw.cmd compile > compile_errors.txt 2>&1
+ ~~~~~~~~~~~~~~~~~~~~~~~~~~~~~~~~~~~~~~~~~~~~
    + CategoryInfo          : NotSpecified: (WARNING: A rest...has been called:String) [], RemoteException
    + FullyQualifiedErrorId : NativeCommandError
 
WARNING: java.lang.System::load has been called by org.fusesource.jansi.internal.JansiLoader in an unnamed module (file
:/C:/Users/GIGABYTE/.m2/wrapper/dists/apache-maven-3.9.6-bin/439sdfsg2nbdob9ciift5h5nse/apache-maven-3.9.6/lib/jansi-2.
4.0.jar)
WARNING: Use --enable-native-access=ALL-UNNAMED to avoid a warning for callers in this module
WARNING: Restricted methods will be blocked in a future release unless native access is enabled

WARNING: A terminally deprecated method in sun.misc.Unsafe has been called
WARNING: sun.misc.Unsafe::objectFieldOffset has been called by 
com.google.common.util.concurrent.AbstractFuture$UnsafeAtomicHelper (file:/C:/Users/GIGABYTE/.m2/wrapper/dists/apache-m
aven-3.9.6-bin/439sdfsg2nbdob9ciift5h5nse/apache-maven-3.9.6/lib/guava-32.0.1-jre.jar)
WARNING: Please consider reporting this to the maintainers of class 
com.google.common.util.concurrent.AbstractFuture$UnsafeAtomicHelper
WARNING: sun.misc.Unsafe::objectFieldOffset will be removed in a future release
[INFO] Scanning for projects...
[INFO] 
[INFO] ---------------------< iuh.fit:HeThongDuocAnKhang >---------------------
[INFO] Building HeThongDuocAnKhang 1.0-SNAPSHOT
[INFO]   from pom.xml
[INFO] --------------------------------[ jar ]---------------------------------
[INFO] 
[INFO] --- resources:3.3.1:resources (default-resources) @ HeThongDuocAnKhang ---
[INFO] Copying 1 resource from src\main\resources to target\classes
[INFO] Copying 37 resources from src\main\java to target\classes
[INFO] 
[INFO] --- compiler:3.11.0:compile (default-compile) @ HeThongDuocAnKhang ---
[INFO] Changes detected - recompiling the module! :source
[INFO] Compiling 215 source files with javac [debug target 17] to target\classes
[INFO] /D:/HeThongDuocAnKhang/src/main/java/client/menu/mode/ToolBarAccentColor.java: Some input files use or override a deprecated API.
[INFO] /D:/HeThongDuocAnKhang/src/main/java/client/menu/mode/ToolBarAccentColor.java: Recompile with -Xlint:deprecation for details.
[INFO] /D:/HeThongDuocAnKhang/src/main/java/client/bus/TraHangBUS.java: Some input files use unchecked or unsafe operations.
[INFO] /D:/HeThongDuocAnKhang/src/main/java/client/bus/TraHangBUS.java: Recompile with -Xlint:unchecked for details.
[INFO] Some messages have been simplified; recompile with -Xdiags:verbose to get full output
[INFO] -------------------------------------------------------------
[WARNING] COMPILATION WARNING : 
[INFO] -------------------------------------------------------------
[WARNING] location of system modules is not set in conjunction with -source 17
  not setting the location of system modules may lead to class files that cannot run on JDK 17
    --release 17 is recommended instead of -source 17 -target 17 because it sets the location of system modules automatically
[INFO] 1 warning
[INFO] -------------------------------------------------------------
[INFO] -------------------------------------------------------------
[ERROR] COMPILATION ERROR : 
[INFO] -------------------------------------------------------------
[ERROR] /D:/HeThongDuocAnKhang/src/main/java/client/bus/TraHangBUS.java:[20,86] cannot find symbol
  symbol:   variable GET_ALL_CHI_TIET_HOA_DON_BY_MA_HD
  location: class common.network.CommandType
[ERROR] /D:/HeThongDuocAnKhang/src/main/java/client/bus/TraHangBUS.java:[25,86] cannot find symbol
  symbol:   variable KIEM_TRA_HIEU_LUC_TRA_HANG
  location: class common.network.CommandType
[ERROR] /D:/HeThongDuocAnKhang/src/main/java/client/bus/TraHangBUS.java:[36,92] cannot find symbol
  symbol:   variable ADD_CHI_TIET_PHIEU_TRA
  location: class common.network.CommandType
[ERROR] /D:/HeThongDuocAnKhang/src/main/java/client/bus/TraHangBUS.java:[38,77] cannot find symbol
  symbol:   method getMaChiTietPhieuTra()
  location: variable ct of type common.dto.ChiTietPhieuTraHangDTO
[ERROR] /D:/HeThongDuocAnKhang/src/main/java/client/gui/TaoPhieuDatHangGUI.java:[464,42] incompatible types: common.dto.SanPhamDTO cannot be converted to hethongnhathuocduocankhang.entity.SanPham
[ERROR] /D:/HeThongDuocAnKhang/src/main/java/client/gui/TaoPhieuDatHangGUI.java:[568,62] incompatible types: java.util.List<common.dto.SanPhamDTO> cannot be converted to java.util.ArrayList<hethongnhathuocduocankhang.entity.SanPham>
[ERROR] /D:/HeThongDuocAnKhang/src/main/java/client/gui/TaoPhieuDatHangGUI.java:[814,44] incompatible types: common.dto.SanPhamDTO cannot be converted to hethongnhathuocduocankhang.entity.SanPham
[ERROR] /D:/HeThongDuocAnKhang/src/main/java/client/gui/TaoPhieuDatHangGUI.java:[815,46] incompatible types: common.dto.NhaCungCapDTO cannot be converted to hethongnhathuocduocankhang.entity.NhaCungCap
[ERROR] /D:/HeThongDuocAnKhang/src/main/java/client/gui/TaoPhieuDatHangGUI.java:[816,47] incompatible types: common.dto.DonViTinhDTO cannot be converted to hethongnhathuocduocankhang.entity.DonViTinh
[ERROR] /D:/HeThongDuocAnKhang/src/main/java/client/gui/TaoPhieuDatHangGUI.java:[845,54] incompatible types: hethongnhathuocduocankhang.entity.DonViTinh cannot be converted to common.dto.DonViTinhDTO
[ERROR] /D:/HeThongDuocAnKhang/src/main/java/client/bus/PhieuDatHangBUS.java:[22,86] cannot find symbol
  symbol:   variable GET_NHA_CUNG_CAP_BY_MA
  location: class common.network.CommandType
[ERROR] /D:/HeThongDuocAnKhang/src/main/java/client/bus/PhieuDatHangBUS.java:[28,86] cannot find symbol
  symbol:   variable GET_DVT_BY_MA
  location: class common.network.CommandType
[ERROR] /D:/HeThongDuocAnKhang/src/main/java/client/gui/QuanLiSanPhamGUI.java:[34,36] incompatible types: client.gui.QuanLiSanPhamGUI cannot be converted to javax.swing.JTable
[ERROR] /D:/HeThongDuocAnKhang/src/main/java/client/gui/QuanLiSanPhamGUI.java:[163,40] incompatible types: client.gui.QuanLiSanPhamGUI cannot be converted to javax.swing.JTable
[ERROR] /D:/HeThongDuocAnKhang/src/main/java/client/gui/QuanLiSanPhamGUI.java:[176,40] incompatible types: client.gui.QuanLiSanPhamGUI cannot be converted to javax.swing.JTable
[ERROR] /D:/HeThongDuocAnKhang/src/main/java/client/gui/QuanLiSanPhamGUI.java:[180,49] cannot find symbol
  symbol:   method xuLyXoaSanPham(client.gui.QuanLiSanPhamGUI)
  location: variable sanPhamBUS of type client.bus.SanPhamBUS
[ERROR] /D:/HeThongDuocAnKhang/src/main/java/client/gui/QuanLiSanPhamGUI.java:[183,53] cannot find symbol
  symbol:   method xuLyTimKiem(client.gui.QuanLiSanPhamGUI)
  location: variable sanPhamBUS of type client.bus.SanPhamBUS
[ERROR] /D:/HeThongDuocAnKhang/src/main/java/client/gui/QuanLiSanPhamGUI.java:[190,51] cannot find symbol
  symbol:   method xuLyLoc(client.gui.QuanLiSanPhamGUI)
  location: variable sanPhamBUS of type client.bus.SanPhamBUS
[ERROR] /D:/HeThongDuocAnKhang/src/main/java/client/bus/SanPhamBUS.java:[43,19] cannot find symbol
  symbol:   method getMaSanPham()
  location: variable sp of type common.dto.SanPhamDTO
[ERROR] /D:/HeThongDuocAnKhang/src/main/java/client/bus/SanPhamBUS.java:[48,19] cannot find symbol
  symbol:   method getSoLuongTonToiThieu()
  location: variable sp of type common.dto.SanPhamDTO
[ERROR] /D:/HeThongDuocAnKhang/src/main/java/client/bus/SanPhamBUS.java:[49,19] cannot find symbol
  symbol:   method getSoLuongTonToiDa()
  location: variable sp of type common.dto.SanPhamDTO
[ERROR] /D:/HeThongDuocAnKhang/src/main/java/client/gui/LoSanPhamGUI.java:[59,44] incompatible types: hethongnhathuocduocankhang.entity.TaiKhoan cannot be converted to common.dto.TaiKhoanDTO
[ERROR] /D:/HeThongDuocAnKhang/src/main/java/client/gui/LoSanPhamGUI.java:[144,40] cannot find symbol
  symbol:   variable SanPhamCungCapDAO
  location: class client.gui.LoSanPhamGUI
[ERROR] /D:/HeThongDuocAnKhang/src/main/java/client/gui/LoSanPhamGUI.java:[1079,14] cannot find symbol
  symbol:   class MaVachSanPham
  location: class client.gui.LoSanPhamGUI
[ERROR] /D:/HeThongDuocAnKhang/src/main/java/client/gui/LoSanPhamGUI.java:[1079,40] cannot find symbol
  symbol:   variable MaVachSanPhamDAO
  location: class client.gui.LoSanPhamGUI
[ERROR] /D:/HeThongDuocAnKhang/src/main/java/client/gui/LoSanPhamGUI.java:[1080,21] cannot find symbol
  symbol:   class MaVachSanPham
  location: class client.gui.LoSanPhamGUI
[ERROR] /D:/HeThongDuocAnKhang/src/main/java/client/gui/LoSanPhamGUI.java:[1081,14] cannot find symbol
  symbol:   class MaVachSanPham
  location: class client.gui.LoSanPhamGUI
[ERROR] /D:/HeThongDuocAnKhang/src/main/java/client/gui/LoSanPhamGUI.java:[1133,21] cannot find symbol
  symbol:   class MaVachSanPham
  location: class client.gui.LoSanPhamGUI
[ERROR] /D:/HeThongDuocAnKhang/src/main/java/client/gui/LoSanPhamGUI.java:[1205,34] cannot find symbol
  symbol:   method chuyenDinhDang(java.lang.String)
  location: class client.bus.QuanLyLoBUS
[ERROR] /D:/HeThongDuocAnKhang/src/main/java/client/gui/LoSanPhamGUI.java:[1302,55] cannot find symbol
  symbol:   method chuyenDinhDang(java.lang.String)
  location: class client.bus.QuanLyLoBUS
[ERROR] /D:/HeThongDuocAnKhang/src/main/java/client/gui/LoSanPhamGUI.java:[1303,55] cannot find symbol
  symbol:   method chuyenDinhDang(java.lang.String)
  location: class client.bus.QuanLyLoBUS
[ERROR] /D:/HeThongDuocAnKhang/src/main/java/client/gui/LoSanPhamGUI.java:[1427,38] cannot find symbol
  symbol:   method getTenDonVi()
  location: variable donVi of type common.dto.DonViTinhDTO
[ERROR] /D:/HeThongDuocAnKhang/src/main/java/client/gui/LoSanPhamGUI.java:[1435,51] cannot find symbol
  symbol:   method getTenDonVi()
  location: variable donVi of type common.dto.DonViTinhDTO
[ERROR] /D:/HeThongDuocAnKhang/src/main/java/client/gui/LoSanPhamGUI.java:[1485,55] cannot find symbol
  symbol:   method getLoKhongHuy()
  location: class client.bus.QuanLyLoBUS
[ERROR] /D:/HeThongDuocAnKhang/src/main/java/client/gui/LoSanPhamGUI.java:[1537,49] cannot find symbol
  symbol:   method timKiemLoVoiNhieuDieuKien(java.lang.String,java.lang.String,java.lang.String)
  location: variable busLo of type client.bus.QuanLyLoBUS
[ERROR] /D:/HeThongDuocAnKhang/src/main/java/client/gui/LoSanPhamGUI.java:[1564,52] cannot find symbol
  symbol:   method tinhTrangThaiLo(common.dto.LoSanPhamDTO)
  location: variable busLo of type client.bus.QuanLyLoBUS
[ERROR] /D:/HeThongDuocAnKhang/src/main/java/client/gui/LoSanPhamGUI.java:[1620,39] cannot find symbol
  symbol:   method getAllLo()
  location: variable bus of type client.bus.QuanLyLoBUS
[ERROR] /D:/HeThongDuocAnKhang/src/main/java/client/gui/LoSanPhamGUI.java:[1622,45] cannot find symbol
  symbol:   method thongKe(java.util.List<common.dto.LoSanPhamDTO>)
  location: variable bus of type client.bus.QuanLyLoBUS
[ERROR] /D:/HeThongDuocAnKhang/src/main/java/client/gui/LoSanPhamGUI.java:[1638,46] cannot find symbol
  symbol:   method getTenDonVi()
  location: variable donVi of type common.dto.DonViTinhDTO
[ERROR] /D:/HeThongDuocAnKhang/src/main/java/client/gui/LoSanPhamGUI.java:[1729,57] cannot find symbol
  symbol:   method getLoKhongHuy()
  location: class client.bus.QuanLyLoBUS
[ERROR] /D:/HeThongDuocAnKhang/src/main/java/client/gui/LoSanPhamGUI.java:[1739,32] cannot find symbol
  symbol:   method toTableRow(common.dto.LoSanPhamDTO)
  location: variable bus of type client.bus.QuanLyLoBUS
[ERROR] /D:/HeThongDuocAnKhang/src/main/java/client/gui/LoSanPhamGUI.java:[1764,57] cannot find symbol
  symbol:   method getLoKhongHuy()
  location: class client.bus.QuanLyLoBUS
[ERROR] /D:/HeThongDuocAnKhang/src/main/java/client/gui/LoSanPhamGUI.java:[1767,27] cannot find symbol
  symbol:   method toTableRow(common.dto.LoSanPhamDTO)
  location: variable bus of type client.bus.QuanLyLoBUS
[ERROR] /D:/HeThongDuocAnKhang/src/main/java/client/gui/LoSanPhamGUI.java:[1790,34] cannot find symbol
  symbol:   method layThongKeLoTheoTrangThai()
  location: class client.bus.QuanLyLoBUS
[ERROR] /D:/HeThongDuocAnKhang/src/main/java/client/bus/QuanLyLoBUS.java:[19,86] cannot find symbol
  symbol:   variable GET_LO_SAP_HET_HAN
  location: class common.network.CommandType
[ERROR] /D:/HeThongDuocAnKhang/src/main/java/hethongnhathuocduocankhang/bus/BanHangBUS.java:[270,137] cannot find symbol
  symbol:   variable GET_DVT_BY_MA
  location: class common.network.CommandType
[ERROR] /D:/HeThongDuocAnKhang/src/main/java/hethongnhathuocduocankhang/bus/BanHangBUS.java:[320,141] cannot find symbol
  symbol:   variable GET_DVT_BY_MA
  location: class common.network.CommandType
[ERROR] /D:/HeThongDuocAnKhang/src/main/java/hethongnhathuocduocankhang/bus/BanHangBUS.java:[453,137] cannot find symbol
  symbol:   variable GET_DVT_BY_MA
  location: class common.network.CommandType
[ERROR] /D:/HeThongDuocAnKhang/src/main/java/client/gui/QuanLiPhieuTraHangGUI.java:[206,47] cannot find symbol
  symbol:   method getTongTienHoanTra()
  location: variable pth of type common.dto.PhieuTraHangDTO
[ERROR] /D:/HeThongDuocAnKhang/src/main/java/client/gui/ThemSanPhamGUI.java:[67,16] cannot find symbol
  symbol:   method chuanBiFormSua(client.gui.ThemSanPhamGUI,java.lang.String)
  location: variable bus of type client.bus.SanPhamBUS
[ERROR] /D:/HeThongDuocAnKhang/src/main/java/client/gui/ThemSanPhamGUI.java:[69,16] cannot find symbol
  symbol:   method chuanBiFormThem(client.gui.ThemSanPhamGUI)
  location: variable bus of type client.bus.SanPhamBUS
[ERROR] /D:/HeThongDuocAnKhang/src/main/java/client/gui/ThemSanPhamGUI.java:[340,34] cannot find symbol
  symbol:   method luuSanPham(client.gui.ThemSanPhamGUI,boolean)
  location: variable bus of type client.bus.SanPhamBUS
[ERROR] /D:/HeThongDuocAnKhang/src/main/java/client/gui/ThemSanPhamGUI.java:[370,46] cannot find symbol
  symbol:   method xuLyThemDVT(client.gui.ThemSanPhamGUI)
  location: variable bus of type client.bus.SanPhamBUS
[ERROR] /D:/HeThongDuocAnKhang/src/main/java/client/gui/ThemSanPhamGUI.java:[371,45] cannot find symbol
  symbol:   method xuLyXoaDVT(client.gui.ThemSanPhamGUI)
  location: variable bus of type client.bus.SanPhamBUS
[ERROR] /D:/HeThongDuocAnKhang/src/main/java/client/gui/ThemSanPhamGUI.java:[374,45] cannot find symbol
  symbol:   method xuLyTimNCC(client.gui.ThemSanPhamGUI)
  location: variable bus of type client.bus.SanPhamBUS
[ERROR] /D:/HeThongDuocAnKhang/src/main/java/client/gui/ThemSanPhamGUI.java:[375,46] cannot find symbol
  symbol:   method xuLyThemNCC(client.gui.ThemSanPhamGUI)
  location: variable bus of type client.bus.SanPhamBUS
[ERROR] /D:/HeThongDuocAnKhang/src/main/java/client/gui/ThemSanPhamGUI.java:[376,45] cannot find symbol
  symbol:   method xuLyXoaNCC(client.gui.ThemSanPhamGUI)
  location: variable bus of type client.bus.SanPhamBUS
[ERROR] /D:/HeThongDuocAnKhang/src/main/java/client/gui/ThemSanPhamGUI.java:[379,44] cannot find symbol
  symbol:   method xuLyTimKM(client.gui.ThemSanPhamGUI)
  location: variable bus of type client.bus.SanPhamBUS
[ERROR] /D:/HeThongDuocAnKhang/src/main/java/client/gui/ThemSanPhamGUI.java:[380,45] cannot find symbol
  symbol:   method xuLyThemKM(client.gui.ThemSanPhamGUI)
  location: variable bus of type client.bus.SanPhamBUS
[ERROR] /D:/HeThongDuocAnKhang/src/main/java/client/gui/ThemSanPhamGUI.java:[381,44] cannot find symbol
  symbol:   method xuLyXoaKM(client.gui.ThemSanPhamGUI)
  location: variable bus of type client.bus.SanPhamBUS
[ERROR] /D:/HeThongDuocAnKhang/src/main/java/client/gui/DashBoardQuanLi.java:[328,29] cannot find symbol
  symbol:   method ngayLam(java.time.LocalDate)
  location: class common.dto.LichSuCaLamDTO.LichSuCaLamDTOBuilder
[ERROR] /D:/HeThongDuocAnKhang/src/main/java/client/gui/TraCuuChungGUI.java:[1438,27] incompatible types: java.util.List<common.dto.SanPhamDTO> cannot be converted to java.util.ArrayList<server.entity.SanPham>
[ERROR] /D:/HeThongDuocAnKhang/src/main/java/client/gui/TraCuuChungGUI.java:[1443,88] cannot find symbol
  symbol:   variable GET_ALL_HOA_DON
  location: class common.network.CommandType
[ERROR] /D:/HeThongDuocAnKhang/src/main/java/client/gui/TraCuuChungGUI.java:[1445,31] incompatible types: java.util.List<common.dto.HoaDonDTO> cannot be converted to java.util.ArrayList<server.entity.HoaDon>
[ERROR] /D:/HeThongDuocAnKhang/src/main/java/client/gui/TraCuuChungGUI.java:[1452,28] incompatible types: java.util.List<common.dto.NhaCungCapDTO> cannot be converted to java.util.ArrayList<server.entity.NhaCungCap>
[ERROR] /D:/HeThongDuocAnKhang/src/main/java/client/gui/TraCuuChungGUI.java:[1480,34] incompatible types: java.util.List<common.dto.KhachHangDTO> cannot be converted to java.util.ArrayList<server.entity.KhachHang>
[ERROR] /D:/HeThongDuocAnKhang/src/main/java/client/gui/TraCuuChungGUI.java:[1518,33] incompatible types: java.util.List<common.dto.NhanVienDTO> cannot be converted to java.util.ArrayList<server.entity.NhanVien>
[ERROR] /D:/HeThongDuocAnKhang/src/main/java/client/gui/TraCuuChungGUI.java:[1555,34] incompatible types: java.util.List<common.dto.PhieuNhapDTO> cannot be converted to java.util.ArrayList<server.entity.PhieuNhap>
[ERROR] /D:/HeThongDuocAnKhang/src/main/java/client/gui/TraCuuChungGUI.java:[1562,37] incompatible types: java.util.List<common.dto.PhieuTraHangDTO> cannot be converted to java.util.ArrayList<server.entity.PhieuTraHang>
[ERROR] /D:/HeThongDuocAnKhang/src/main/java/client/gui/TraCuuChungGUI.java:[1578,34] incompatible types: java.util.List<common.dto.KhuyenMaiDTO> cannot be converted to java.util.ArrayList<server.entity.KhuyenMai>
[ERROR] /D:/HeThongDuocAnKhang/src/main/java/client/gui/TraCuuChungGUI.java:[1840,27] incompatible types: java.util.List<common.dto.SanPhamDTO> cannot be converted to java.util.ArrayList<server.entity.SanPham>
[ERROR] /D:/HeThongDuocAnKhang/src/main/java/client/gui/TraCuuChungGUI.java:[1930,27] incompatible types: java.util.List<common.dto.SanPhamDTO> cannot be converted to java.util.ArrayList<server.entity.SanPham>
[ERROR] /D:/HeThongDuocAnKhang/src/main/java/client/gui/TraCuuChungGUI.java:[1990,28] incompatible types: java.util.List<common.dto.NhaCungCapDTO> cannot be converted to java.util.ArrayList<server.entity.NhaCungCap>
[ERROR] /D:/HeThongDuocAnKhang/src/main/java/client/gui/TraCuuChungGUI.java:[2078,28] incompatible types: java.util.List<common.dto.NhaCungCapDTO> cannot be converted to java.util.ArrayList<server.entity.NhaCungCap>
[ERROR] /D:/HeThongDuocAnKhang/src/main/java/client/gui/TraCuuChungGUI.java:[2142,34] incompatible types: java.util.List<common.dto.KhachHangDTO> cannot be converted to java.util.ArrayList<server.entity.KhachHang>
[ERROR] /D:/HeThongDuocAnKhang/src/main/java/client/gui/TraCuuChungGUI.java:[2238,34] incompatible types: java.util.List<common.dto.KhachHangDTO> cannot be converted to java.util.ArrayList<server.entity.KhachHang>
[ERROR] /D:/HeThongDuocAnKhang/src/main/java/client/gui/TraCuuChungGUI.java:[2264,46] non-static method getNhanVienTheoMaNV(java.lang.String) cannot be referenced from a static context
[ERROR] /D:/HeThongDuocAnKhang/src/main/java/client/gui/TraCuuChungGUI.java:[2274,61] incompatible types: java.util.List<server.entity.NhanVien> cannot be converted to java.util.ArrayList<server.entity.NhanVien>
[ERROR] /D:/HeThongDuocAnKhang/src/main/java/client/gui/TraCuuChungGUI.java:[2274,48] non-static method timNVTheoTen(java.lang.String) cannot be referenced from a static context
[ERROR] /D:/HeThongDuocAnKhang/src/main/java/client/gui/TraCuuChungGUI.java:[2277,61] incompatible types: java.util.List<server.entity.NhanVien> cannot be converted to java.util.ArrayList<server.entity.NhanVien>
[ERROR] /D:/HeThongDuocAnKhang/src/main/java/client/gui/TraCuuChungGUI.java:[2277,48] non-static method timNVTheoSDT(java.lang.String) cannot be referenced from a static context
[ERROR] /D:/HeThongDuocAnKhang/src/main/java/client/gui/TraCuuChungGUI.java:[2280,62] incompatible types: java.util.List<server.entity.NhanVien> cannot be converted to java.util.ArrayList<server.entity.NhanVien>
[ERROR] /D:/HeThongDuocAnKhang/src/main/java/client/gui/TraCuuChungGUI.java:[2280,48] non-static method timNVTheoCCCD(java.lang.String) cannot be referenced from a static context
[ERROR] /D:/HeThongDuocAnKhang/src/main/java/client/gui/TraCuuChungGUI.java:[2293,33] non-static method getAllNhanVien() cannot be referenced from a static context
[ERROR] /D:/HeThongDuocAnKhang/src/main/java/client/gui/TraCuuChungGUI.java:[2293,48] incompatible types: java.util.List<server.entity.NhanVien> cannot be converted to java.util.ArrayList<server.entity.NhanVien>
[ERROR] /D:/HeThongDuocAnKhang/src/main/java/client/gui/TraCuuChungGUI.java:[2296,33] non-static method timNVTheoTrangThai(boolean) cannot be referenced from a static context
[ERROR] /D:/HeThongDuocAnKhang/src/main/java/client/gui/TraCuuChungGUI.java:[2296,52] incompatible types: java.util.List<server.entity.NhanVien> cannot be converted to java.util.ArrayList<server.entity.NhanVien>
[ERROR] /D:/HeThongDuocAnKhang/src/main/java/client/gui/TraCuuChungGUI.java:[2299,33] non-static method timNVTheoTrangThai(boolean) cannot be referenced from a static context
[ERROR] /D:/HeThongDuocAnKhang/src/main/java/client/gui/TraCuuChungGUI.java:[2299,52] incompatible types: java.util.List<server.entity.NhanVien> cannot be converted to java.util.ArrayList<server.entity.NhanVien>
[ERROR] /D:/HeThongDuocAnKhang/src/main/java/client/gui/TraCuuChungGUI.java:[2356,38] non-static method getHoaDonTheoMaHD(java.lang.String) cannot be referenced from a static context
[ERROR] /D:/HeThongDuocAnKhang/src/main/java/client/gui/TraCuuChungGUI.java:[2362,33] non-static method timHDTheoSDTKH(java.lang.String) cannot be referenced from a static context
[ERROR] /D:/HeThongDuocAnKhang/src/main/java/client/gui/TraCuuChungGUI.java:[2362,48] incompatible types: java.util.List<server.entity.HoaDon> cannot be converted to java.util.ArrayList<server.entity.HoaDon>
[ERROR] /D:/HeThongDuocAnKhang/src/main/java/client/gui/TraCuuChungGUI.java:[2391,29] non-static method timHDTheoKhoangNgay(java.time.LocalDate,java.time.LocalDate) cannot be referenced from a static context
[ERROR] /D:/HeThongDuocAnKhang/src/main/java/client/gui/TraCuuChungGUI.java:[2391,49] incompatible types: java.util.List<server.entity.HoaDon> cannot be converted to java.util.ArrayList<server.entity.HoaDon>
[ERROR] /D:/HeThongDuocAnKhang/src/main/java/client/gui/TraCuuChungGUI.java:[2394,29] non-static method timHDTheoNgayLap(java.time.LocalDate) cannot be referenced from a static context
[ERROR] /D:/HeThongDuocAnKhang/src/main/java/client/gui/TraCuuChungGUI.java:[2394,46] incompatible types: java.util.List<server.entity.HoaDon> cannot be converted to java.util.ArrayList<server.entity.HoaDon>
[ERROR] /D:/HeThongDuocAnKhang/src/main/java/client/gui/TraCuuChungGUI.java:[2397,29] non-static method timHDTheoNgayLap(java.time.LocalDate) cannot be referenced from a static context
[ERROR] /D:/HeThongDuocAnKhang/src/main/java/client/gui/TraCuuChungGUI.java:[2397,46] incompatible types: java.util.List<server.entity.HoaDon> cannot be converted to java.util.ArrayList<server.entity.HoaDon>
[ERROR] /D:/HeThongDuocAnKhang/src/main/java/client/gui/TraCuuChungGUI.java:[2400,29] cannot find symbol
  symbol:   method getAllHoaDon()
  location: class server.dao.HoaDonDAO
[ERROR] /D:/HeThongDuocAnKhang/src/main/java/client/gui/TraCuuChungGUI.java:[2434,17] cannot find symbol
  symbol:   variable hdDaChon
  location: class client.gui.TraCuuChungGUI
[INFO] 100 errors 
[INFO] -------------------------------------------------------------
[INFO] ------------------------------------------------------------------------
[INFO] BUILD FAILURE
[INFO] ------------------------------------------------------------------------
[INFO] Total time:  7.303 s
[INFO] Finished at: 2026-05-05T12:00:36+07:00
[INFO] ------------------------------------------------------------------------
[ERROR] Failed to execute goal org.apache.maven.plugins:maven-compiler-plugin:3.11.0:compile (default-compile) on project HeThongDuocAnKhang: Compilation failure: Compilation failure: 
[ERROR] /D:/HeThongDuocAnKhang/src/main/java/client/bus/TraHangBUS.java:[20,86] cannot find symbol
[ERROR]   symbol:   variable GET_ALL_CHI_TIET_HOA_DON_BY_MA_HD
[ERROR]   location: class common.network.CommandType
[ERROR] /D:/HeThongDuocAnKhang/src/main/java/client/bus/TraHangBUS.java:[25,86] cannot find symbol
[ERROR]   symbol:   variable KIEM_TRA_HIEU_LUC_TRA_HANG
[ERROR]   location: class common.network.CommandType
[ERROR] /D:/HeThongDuocAnKhang/src/main/java/client/bus/TraHangBUS.java:[36,92] cannot find symbol
[ERROR]   symbol:   variable ADD_CHI_TIET_PHIEU_TRA
[ERROR]   location: class common.network.CommandType
[ERROR] /D:/HeThongDuocAnKhang/src/main/java/client/bus/TraHangBUS.java:[38,77] cannot find symbol
[ERROR]   symbol:   method getMaChiTietPhieuTra()
[ERROR]   location: variable ct of type common.dto.ChiTietPhieuTraHangDTO
[ERROR] /D:/HeThongDuocAnKhang/src/main/java/client/gui/TaoPhieuDatHangGUI.java:[464,42] incompatible types: common.dto.SanPhamDTO cannot be converted to hethongnhathuocduocankhang.entity.SanPham
[ERROR] /D:/HeThongDuocAnKhang/src/main/java/client/gui/TaoPhieuDatHangGUI.java:[568,62] incompatible types: java.util.List<common.dto.SanPhamDTO> cannot be converted to java.util.ArrayList<hethongnhathuocduocankhang.entity.SanPham>
[ERROR] /D:/HeThongDuocAnKhang/src/main/java/client/gui/TaoPhieuDatHangGUI.java:[814,44] incompatible types: common.dto.SanPhamDTO cannot be converted to hethongnhathuocduocankhang.entity.SanPham
[ERROR] /D:/HeThongDuocAnKhang/src/main/java/client/gui/TaoPhieuDatHangGUI.java:[815,46] incompatible types: common.dto.NhaCungCapDTO cannot be converted to hethongnhathuocduocankhang.entity.NhaCungCap
[ERROR] /D:/HeThongDuocAnKhang/src/main/java/client/gui/TaoPhieuDatHangGUI.java:[816,47] incompatible types: common.dto.DonViTinhDTO cannot be converted to hethongnhathuocduocankhang.entity.DonViTinh
[ERROR] /D:/HeThongDuocAnKhang/src/main/java/client/gui/TaoPhieuDatHangGUI.java:[845,54] incompatible types: hethongnhathuocduocankhang.entity.DonViTinh cannot be converted to common.dto.DonViTinhDTO
[ERROR] /D:/HeThongDuocAnKhang/src/main/java/client/bus/PhieuDatHangBUS.java:[22,86] cannot find symbol
[ERROR]   symbol:   variable GET_NHA_CUNG_CAP_BY_MA
[ERROR]   location: class common.network.CommandType
[ERROR] /D:/HeThongDuocAnKhang/src/main/java/client/bus/PhieuDatHangBUS.java:[28,86] cannot find symbol
[ERROR]   symbol:   variable GET_DVT_BY_MA
[ERROR]   location: class common.network.CommandType
[ERROR] /D:/HeThongDuocAnKhang/src/main/java/client/gui/QuanLiSanPhamGUI.java:[34,36] incompatible types: client.gui.QuanLiSanPhamGUI cannot be converted to javax.swing.JTable
[ERROR] /D:/HeThongDuocAnKhang/src/main/java/client/gui/QuanLiSanPhamGUI.java:[163,40] incompatible types: client.gui.QuanLiSanPhamGUI cannot be converted to javax.swing.JTable
[ERROR] /D:/HeThongDuocAnKhang/src/main/java/client/gui/QuanLiSanPhamGUI.java:[176,40] incompatible types: client.gui.QuanLiSanPhamGUI cannot be converted to javax.swing.JTable
[ERROR] /D:/HeThongDuocAnKhang/src/main/java/client/gui/QuanLiSanPhamGUI.java:[180,49] cannot find symbol
[ERROR]   symbol:   method xuLyXoaSanPham(client.gui.QuanLiSanPhamGUI)
[ERROR]   location: variable sanPhamBUS of type client.bus.SanPhamBUS
[ERROR] /D:/HeThongDuocAnKhang/src/main/java/client/gui/QuanLiSanPhamGUI.java:[183,53] cannot find symbol
[ERROR]   symbol:   method xuLyTimKiem(client.gui.QuanLiSanPhamGUI)
[ERROR]   location: variable sanPhamBUS of type client.bus.SanPhamBUS
[ERROR] /D:/HeThongDuocAnKhang/src/main/java/client/gui/QuanLiSanPhamGUI.java:[190,51] cannot find symbol
[ERROR]   symbol:   method xuLyLoc(client.gui.QuanLiSanPhamGUI)
[ERROR]   location: variable sanPhamBUS of type client.bus.SanPhamBUS
[ERROR] /D:/HeThongDuocAnKhang/src/main/java/client/bus/SanPhamBUS.java:[43,19] cannot find symbol
[ERROR]   symbol:   method getMaSanPham()
[ERROR]   location: variable sp of type common.dto.SanPhamDTO
[ERROR] /D:/HeThongDuocAnKhang/src/main/java/client/bus/SanPhamBUS.java:[48,19] cannot find symbol
[ERROR]   symbol:   method getSoLuongTonToiThieu()
[ERROR]   location: variable sp of type common.dto.SanPhamDTO
[ERROR] /D:/HeThongDuocAnKhang/src/main/java/client/bus/SanPhamBUS.java:[49,19] cannot find symbol
[ERROR]   symbol:   method getSoLuongTonToiDa()
[ERROR]   location: variable sp of type common.dto.SanPhamDTO
[ERROR] /D:/HeThongDuocAnKhang/src/main/java/client/gui/LoSanPhamGUI.java:[59,44] incompatible types: hethongnhathuocduocankhang.entity.TaiKhoan cannot be converted to common.dto.TaiKhoanDTO
[ERROR] /D:/HeThongDuocAnKhang/src/main/java/client/gui/LoSanPhamGUI.java:[144,40] cannot find symbol
[ERROR]   symbol:   variable SanPhamCungCapDAO
[ERROR]   location: class client.gui.LoSanPhamGUI
[ERROR] /D:/HeThongDuocAnKhang/src/main/java/client/gui/LoSanPhamGUI.java:[1079,14] cannot find symbol
[ERROR]   symbol:   class MaVachSanPham
[ERROR]   location: class client.gui.LoSanPhamGUI
[ERROR] /D:/HeThongDuocAnKhang/src/main/java/client/gui/LoSanPhamGUI.java:[1079,40] cannot find symbol
[ERROR]   symbol:   variable MaVachSanPhamDAO
[ERROR]   location: class client.gui.LoSanPhamGUI
[ERROR] /D:/HeThongDuocAnKhang/src/main/java/client/gui/LoSanPhamGUI.java:[1080,21] cannot find symbol
[ERROR]   symbol:   class MaVachSanPham
[ERROR]   location: class client.gui.LoSanPhamGUI
[ERROR] /D:/HeThongDuocAnKhang/src/main/java/client/gui/LoSanPhamGUI.java:[1081,14] cannot find symbol
[ERROR]   symbol:   class MaVachSanPham
[ERROR]   location: class client.gui.LoSanPhamGUI
[ERROR] /D:/HeThongDuocAnKhang/src/main/java/client/gui/LoSanPhamGUI.java:[1133,21] cannot find symbol
[ERROR]   symbol:   class MaVachSanPham
[ERROR]   location: class client.gui.LoSanPhamGUI
[ERROR] /D:/HeThongDuocAnKhang/src/main/java/client/gui/LoSanPhamGUI.java:[1205,34] cannot find symbol
[ERROR]   symbol:   method chuyenDinhDang(java.lang.String)
[ERROR]   location: class client.bus.QuanLyLoBUS
[ERROR] /D:/HeThongDuocAnKhang/src/main/java/client/gui/LoSanPhamGUI.java:[1302,55] cannot find symbol
[ERROR]   symbol:   method chuyenDinhDang(java.lang.String)
[ERROR]   location: class client.bus.QuanLyLoBUS
[ERROR] /D:/HeThongDuocAnKhang/src/main/java/client/gui/LoSanPhamGUI.java:[1303,55] cannot find symbol
[ERROR]   symbol:   method chuyenDinhDang(java.lang.String)
[ERROR]   location: class client.bus.QuanLyLoBUS
[ERROR] /D:/HeThongDuocAnKhang/src/main/java/client/gui/LoSanPhamGUI.java:[1427,38] cannot find symbol
[ERROR]   symbol:   method getTenDonVi()
[ERROR]   location: variable donVi of type common.dto.DonViTinhDTO
[ERROR] /D:/HeThongDuocAnKhang/src/main/java/client/gui/LoSanPhamGUI.java:[1435,51] cannot find symbol
[ERROR]   symbol:   method getTenDonVi()
[ERROR]   location: variable donVi of type common.dto.DonViTinhDTO
[ERROR] /D:/HeThongDuocAnKhang/src/main/java/client/gui/LoSanPhamGUI.java:[1485,55] cannot find symbol
[ERROR]   symbol:   method getLoKhongHuy()
[ERROR]   location: class client.bus.QuanLyLoBUS
[ERROR] /D:/HeThongDuocAnKhang/src/main/java/client/gui/LoSanPhamGUI.java:[1537,49] cannot find symbol
[ERROR]   symbol:   method timKiemLoVoiNhieuDieuKien(java.lang.String,java.lang.String,java.lang.String)
[ERROR]   location: variable busLo of type client.bus.QuanLyLoBUS
[ERROR] /D:/HeThongDuocAnKhang/src/main/java/client/gui/LoSanPhamGUI.java:[1564,52] cannot find symbol
[ERROR]   symbol:   method tinhTrangThaiLo(common.dto.LoSanPhamDTO)
[ERROR]   location: variable busLo of type client.bus.QuanLyLoBUS
[ERROR] /D:/HeThongDuocAnKhang/src/main/java/client/gui/LoSanPhamGUI.java:[1620,39] cannot find symbol
[ERROR]   symbol:   method getAllLo()
[ERROR]   location: variable bus of type client.bus.QuanLyLoBUS
[ERROR] /D:/HeThongDuocAnKhang/src/main/java/client/gui/LoSanPhamGUI.java:[1622,45] cannot find symbol
[ERROR]   symbol:   method thongKe(java.util.List<common.dto.LoSanPhamDTO>)
[ERROR]   location: variable bus of type client.bus.QuanLyLoBUS
[ERROR] /D:/HeThongDuocAnKhang/src/main/java/client/gui/LoSanPhamGUI.java:[1638,46] cannot find symbol
[ERROR]   symbol:   method getTenDonVi()
[ERROR]   location: variable donVi of type common.dto.DonViTinhDTO
[ERROR] /D:/HeThongDuocAnKhang/src/main/java/client/gui/LoSanPhamGUI.java:[1729,57] cannot find symbol
[ERROR]   symbol:   method getLoKhongHuy()
[ERROR]   location: class client.bus.QuanLyLoBUS
[ERROR] /D:/HeThongDuocAnKhang/src/main/java/client/gui/LoSanPhamGUI.java:[1739,32] cannot find symbol
[ERROR]   symbol:   method toTableRow(common.dto.LoSanPhamDTO)
[ERROR]   location: variable bus of type client.bus.QuanLyLoBUS
[ERROR] /D:/HeThongDuocAnKhang/src/main/java/client/gui/LoSanPhamGUI.java:[1764,57] cannot find symbol
[ERROR]   symbol:   method getLoKhongHuy()
[ERROR]   location: class client.bus.QuanLyLoBUS
[ERROR] /D:/HeThongDuocAnKhang/src/main/java/client/gui/LoSanPhamGUI.java:[1767,27] cannot find symbol
[ERROR]   symbol:   method toTableRow(common.dto.LoSanPhamDTO)
[ERROR]   location: variable bus of type client.bus.QuanLyLoBUS
[ERROR] /D:/HeThongDuocAnKhang/src/main/java/client/gui/LoSanPhamGUI.java:[1790,34] cannot find symbol
[ERROR]   symbol:   method layThongKeLoTheoTrangThai()
[ERROR]   location: class client.bus.QuanLyLoBUS
[ERROR] /D:/HeThongDuocAnKhang/src/main/java/client/bus/QuanLyLoBUS.java:[19,86] cannot find symbol
[ERROR]   symbol:   variable GET_LO_SAP_HET_HAN
[ERROR]   location: class common.network.CommandType
[ERROR] /D:/HeThongDuocAnKhang/src/main/java/hethongnhathuocduocankhang/bus/BanHangBUS.java:[270,137] cannot find symbol
[ERROR]   symbol:   variable GET_DVT_BY_MA
[ERROR]   location: class common.network.CommandType
[ERROR] /D:/HeThongDuocAnKhang/src/main/java/hethongnhathuocduocankhang/bus/BanHangBUS.java:[320,141] cannot find symbol
[ERROR]   symbol:   variable GET_DVT_BY_MA
[ERROR]   location: class common.network.CommandType
[ERROR] /D:/HeThongDuocAnKhang/src/main/java/hethongnhathuocduocankhang/bus/BanHangBUS.java:[453,137] cannot find symbol
[ERROR]   symbol:   variable GET_DVT_BY_MA
[ERROR]   location: class common.network.CommandType
[ERROR] /D:/HeThongDuocAnKhang/src/main/java/client/gui/QuanLiPhieuTraHangGUI.java:[206,47] cannot find symbol
[ERROR]   symbol:   method getTongTienHoanTra()
[ERROR]   location: variable pth of type common.dto.PhieuTraHangDTO
[ERROR] /D:/HeThongDuocAnKhang/src/main/java/client/gui/ThemSanPhamGUI.java:[67,16] cannot find symbol
[ERROR]   symbol:   method chuanBiFormSua(client.gui.ThemSanPhamGUI,java.lang.String)
[ERROR]   location: variable bus of type client.bus.SanPhamBUS
[ERROR] /D:/HeThongDuocAnKhang/src/main/java/client/gui/ThemSanPhamGUI.java:[69,16] cannot find symbol
[ERROR]   symbol:   method chuanBiFormThem(client.gui.ThemSanPhamGUI)
[ERROR]   location: variable bus of type client.bus.SanPhamBUS
[ERROR] /D:/HeThongDuocAnKhang/src/main/java/client/gui/ThemSanPhamGUI.java:[340,34] cannot find symbol
[ERROR]   symbol:   method luuSanPham(client.gui.ThemSanPhamGUI,boolean)
[ERROR]   location: variable bus of type client.bus.SanPhamBUS
[ERROR] /D:/HeThongDuocAnKhang/src/main/java/client/gui/ThemSanPhamGUI.java:[370,46] cannot find symbol
[ERROR]   symbol:   method xuLyThemDVT(client.gui.ThemSanPhamGUI)
[ERROR]   location: variable bus of type client.bus.SanPhamBUS
[ERROR] /D:/HeThongDuocAnKhang/src/main/java/client/gui/ThemSanPhamGUI.java:[371,45] cannot find symbol
[ERROR]   symbol:   method xuLyXoaDVT(client.gui.ThemSanPhamGUI)
[ERROR]   location: variable bus of type client.bus.SanPhamBUS
[ERROR] /D:/HeThongDuocAnKhang/src/main/java/client/gui/ThemSanPhamGUI.java:[374,45] cannot find symbol
[ERROR]   symbol:   method xuLyTimNCC(client.gui.ThemSanPhamGUI)
[ERROR]   location: variable bus of type client.bus.SanPhamBUS
[ERROR] /D:/HeThongDuocAnKhang/src/main/java/client/gui/ThemSanPhamGUI.java:[375,46] cannot find symbol
[ERROR]   symbol:   method xuLyThemNCC(client.gui.ThemSanPhamGUI)
[ERROR]   location: variable bus of type client.bus.SanPhamBUS
[ERROR] /D:/HeThongDuocAnKhang/src/main/java/client/gui/ThemSanPhamGUI.java:[376,45] cannot find symbol
[ERROR]   symbol:   method xuLyXoaNCC(client.gui.ThemSanPhamGUI)
[ERROR]   location: variable bus of type client.bus.SanPhamBUS
[ERROR] /D:/HeThongDuocAnKhang/src/main/java/client/gui/ThemSanPhamGUI.java:[379,44] cannot find symbol
[ERROR]   symbol:   method xuLyTimKM(client.gui.ThemSanPhamGUI)
[ERROR]   location: variable bus of type client.bus.SanPhamBUS
[ERROR] /D:/HeThongDuocAnKhang/src/main/java/client/gui/ThemSanPhamGUI.java:[380,45] cannot find symbol
[ERROR]   symbol:   method xuLyThemKM(client.gui.ThemSanPhamGUI)
[ERROR]   location: variable bus of type client.bus.SanPhamBUS
[ERROR] /D:/HeThongDuocAnKhang/src/main/java/client/gui/ThemSanPhamGUI.java:[381,44] cannot find symbol
[ERROR]   symbol:   method xuLyXoaKM(client.gui.ThemSanPhamGUI)
[ERROR]   location: variable bus of type client.bus.SanPhamBUS
[ERROR] /D:/HeThongDuocAnKhang/src/main/java/client/gui/DashBoardQuanLi.java:[328,29] cannot find symbol
[ERROR]   symbol:   method ngayLam(java.time.LocalDate)
[ERROR]   location: class common.dto.LichSuCaLamDTO.LichSuCaLamDTOBuilder
[ERROR] /D:/HeThongDuocAnKhang/src/main/java/client/gui/TraCuuChungGUI.java:[1438,27] incompatible types: java.util.List<common.dto.SanPhamDTO> cannot be converted to java.util.ArrayList<server.entity.SanPham>
[ERROR] /D:/HeThongDuocAnKhang/src/main/java/client/gui/TraCuuChungGUI.java:[1443,88] cannot find symbol
[ERROR]   symbol:   variable GET_ALL_HOA_DON
[ERROR]   location: class common.network.CommandType
[ERROR] /D:/HeThongDuocAnKhang/src/main/java/client/gui/TraCuuChungGUI.java:[1445,31] incompatible types: java.util.List<common.dto.HoaDonDTO> cannot be converted to java.util.ArrayList<server.entity.HoaDon>
[ERROR] /D:/HeThongDuocAnKhang/src/main/java/client/gui/TraCuuChungGUI.java:[1452,28] incompatible types: java.util.List<common.dto.NhaCungCapDTO> cannot be converted to java.util.ArrayList<server.entity.NhaCungCap>
[ERROR] /D:/HeThongDuocAnKhang/src/main/java/client/gui/TraCuuChungGUI.java:[1480,34] incompatible types: java.util.List<common.dto.KhachHangDTO> cannot be converted to java.util.ArrayList<server.entity.KhachHang>
[ERROR] /D:/HeThongDuocAnKhang/src/main/java/client/gui/TraCuuChungGUI.java:[1518,33] incompatible types: java.util.List<common.dto.NhanVienDTO> cannot be converted to java.util.ArrayList<server.entity.NhanVien>
[ERROR] /D:/HeThongDuocAnKhang/src/main/java/client/gui/TraCuuChungGUI.java:[1555,34] incompatible types: java.util.List<common.dto.PhieuNhapDTO> cannot be converted to java.util.ArrayList<server.entity.PhieuNhap>
[ERROR] /D:/HeThongDuocAnKhang/src/main/java/client/gui/TraCuuChungGUI.java:[1562,37] incompatible types: java.util.List<common.dto.PhieuTraHangDTO> cannot be converted to java.util.ArrayList<server.entity.PhieuTraHang>
[ERROR] /D:/HeThongDuocAnKhang/src/main/java/client/gui/TraCuuChungGUI.java:[1578,34] incompatible types: java.util.List<common.dto.KhuyenMaiDTO> cannot be converted to java.util.ArrayList<server.entity.KhuyenMai>
[ERROR] /D:/HeThongDuocAnKhang/src/main/java/client/gui/TraCuuChungGUI.java:[1840,27] incompatible types: java.util.List<common.dto.SanPhamDTO> cannot be converted to java.util.ArrayList<server.entity.SanPham>
[ERROR] /D:/HeThongDuocAnKhang/src/main/java/client/gui/TraCuuChungGUI.java:[1930,27] incompatible types: java.util.List<common.dto.SanPhamDTO> cannot be converted to java.util.ArrayList<server.entity.SanPham>
[ERROR] /D:/HeThongDuocAnKhang/src/main/java/client/gui/TraCuuChungGUI.java:[1990,28] incompatible types: java.util.List<common.dto.NhaCungCapDTO> cannot be converted to java.util.ArrayList<server.entity.NhaCungCap>
[ERROR] /D:/HeThongDuocAnKhang/src/main/java/client/gui/TraCuuChungGUI.java:[2078,28] incompatible types: java.util.List<common.dto.NhaCungCapDTO> cannot be converted to java.util.ArrayList<server.entity.NhaCungCap>
[ERROR] /D:/HeThongDuocAnKhang/src/main/java/client/gui/TraCuuChungGUI.java:[2142,34] incompatible types: java.util.List<common.dto.KhachHangDTO> cannot be converted to java.util.ArrayList<server.entity.KhachHang>
[ERROR] /D:/HeThongDuocAnKhang/src/main/java/client/gui/TraCuuChungGUI.java:[2238,34] incompatible types: java.util.List<common.dto.KhachHangDTO> cannot be converted to java.util.ArrayList<server.entity.KhachHang>
[ERROR] /D:/HeThongDuocAnKhang/src/main/java/client/gui/TraCuuChungGUI.java:[2264,46] non-static method getNhanVienTheoMaNV(java.lang.String) cannot be referenced from a static context
[ERROR] /D:/HeThongDuocAnKhang/src/main/java/client/gui/TraCuuChungGUI.java:[2274,61] incompatible types: java.util.List<server.entity.NhanVien> cannot be converted to java.util.ArrayList<server.entity.NhanVien>
[ERROR] /D:/HeThongDuocAnKhang/src/main/java/client/gui/TraCuuChungGUI.java:[2274,48] non-static method timNVTheoTen(java.lang.String) cannot be referenced from a static context
[ERROR] /D:/HeThongDuocAnKhang/src/main/java/client/gui/TraCuuChungGUI.java:[2277,61] incompatible types: java.util.List<server.entity.NhanVien> cannot be converted to java.util.ArrayList<server.entity.NhanVien>
[ERROR] /D:/HeThongDuocAnKhang/src/main/java/client/gui/TraCuuChungGUI.java:[2277,48] non-static method timNVTheoSDT(java.lang.String) cannot be referenced from a static context
[ERROR] /D:/HeThongDuocAnKhang/src/main/java/client/gui/TraCuuChungGUI.java:[2280,62] incompatible types: java.util.List<server.entity.NhanVien> cannot be converted to java.util.ArrayList<server.entity.NhanVien>
[ERROR] /D:/HeThongDuocAnKhang/src/main/java/client/gui/TraCuuChungGUI.java:[2280,48] non-static method timNVTheoCCCD(java.lang.String) cannot be referenced from a static context
[ERROR] /D:/HeThongDuocAnKhang/src/main/java/client/gui/TraCuuChungGUI.java:[2293,33] non-static method getAllNhanVien() cannot be referenced from a static context
[ERROR] /D:/HeThongDuocAnKhang/src/main/java/client/gui/TraCuuChungGUI.java:[2293,48] incompatible types: java.util.List<server.entity.NhanVien> cannot be converted to java.util.ArrayList<server.entity.NhanVien>
[ERROR] /D:/HeThongDuocAnKhang/src/main/java/client/gui/TraCuuChungGUI.java:[2296,33] non-static method timNVTheoTrangThai(boolean) cannot be referenced from a static context
[ERROR] /D:/HeThongDuocAnKhang/src/main/java/client/gui/TraCuuChungGUI.java:[2296,52] incompatible types: java.util.List<server.entity.NhanVien> cannot be converted to java.util.ArrayList<server.entity.NhanVien>
[ERROR] /D:/HeThongDuocAnKhang/src/main/java/client/gui/TraCuuChungGUI.java:[2299,33] non-static method timNVTheoTrangThai(boolean) cannot be referenced from a static context
[ERROR] /D:/HeThongDuocAnKhang/src/main/java/client/gui/TraCuuChungGUI.java:[2299,52] incompatible types: java.util.List<server.entity.NhanVien> cannot be converted to java.util.ArrayList<server.entity.NhanVien>
[ERROR] /D:/HeThongDuocAnKhang/src/main/java/client/gui/TraCuuChungGUI.java:[2356,38] non-static method getHoaDonTheoMaHD(java.lang.String) cannot be referenced from a static context
[ERROR] /D:/HeThongDuocAnKhang/src/main/java/client/gui/TraCuuChungGUI.java:[2362,33] non-static method timHDTheoSDTKH(java.lang.String) cannot be referenced from a static context
[ERROR] /D:/HeThongDuocAnKhang/src/main/java/client/gui/TraCuuChungGUI.java:[2362,48] incompatible types: java.util.List<server.entity.HoaDon> cannot be converted to java.util.ArrayList<server.entity.HoaDon>
[ERROR] /D:/HeThongDuocAnKhang/src/main/java/client/gui/TraCuuChungGUI.java:[2391,29] non-static method timHDTheoKhoangNgay(java.time.LocalDate,java.time.LocalDate) cannot be referenced from a static context
[ERROR] /D:/HeThongDuocAnKhang/src/main/java/client/gui/TraCuuChungGUI.java:[2391,49] incompatible types: java.util.List<server.entity.HoaDon> cannot be converted to java.util.ArrayList<server.entity.HoaDon>
[ERROR] /D:/HeThongDuocAnKhang/src/main/java/client/gui/TraCuuChungGUI.java:[2394,29] non-static method timHDTheoNgayLap(java.time.LocalDate) cannot be referenced from a static context
[ERROR] /D:/HeThongDuocAnKhang/src/main/java/client/gui/TraCuuChungGUI.java:[2394,46] incompatible types: java.util.List<server.entity.HoaDon> cannot be converted to java.util.ArrayList<server.entity.HoaDon>
[ERROR] /D:/HeThongDuocAnKhang/src/main/java/client/gui/TraCuuChungGUI.java:[2397,29] non-static method timHDTheoNgayLap(java.time.LocalDate) cannot be referenced from a static context
[ERROR] /D:/HeThongDuocAnKhang/src/main/java/client/gui/TraCuuChungGUI.java:[2397,46] incompatible types: java.util.List<server.entity.HoaDon> cannot be converted to java.util.ArrayList<server.entity.HoaDon>
[ERROR] /D:/HeThongDuocAnKhang/src/main/java/client/gui/TraCuuChungGUI.java:[2400,29] cannot find symbol
[ERROR]   symbol:   method getAllHoaDon()
[ERROR]   location: class server.dao.HoaDonDAO
[ERROR] /D:/HeThongDuocAnKhang/src/main/java/client/gui/TraCuuChungGUI.java:[2434,17] cannot find symbol
[ERROR]   symbol:   variable hdDaChon
[ERROR]   location: class client.gui.TraCuuChungGUI
[ERROR] -> [Help 1]
[ERROR] 
[ERROR] To see the full stack trace of the errors, re-run Maven with the -e switch.
[ERROR] Re-run Maven using the -X switch to enable full debug logging.
[ERROR] 
[ERROR] For more information about the errors and possible solutions, please read the following articles:
[ERROR] [Help 1] http://cwiki.apache.org/confluence/display/MAVEN/MojoFailureException
